1630000
    0.1730    65.1000
    0.0160   308.5000
    0.2320   290.9000
    0.0480   276.3000
    0.1220    44.2000
    0.0560    64.2000
    0.0250    34.2000
    0.0590   311.1000
