1631428
    0.1410    61.3000
    0.0080   265.5000
    0.1420   276.2000
    0.0360   253.4000
    0.1020    42.6000
    0.0450    62.8000
    0.0190    33.9000
    0.0260   282.9000
