1633227
    0.1670    64.9000
    0.0150   300.7000
    0.1880   296.2000
    0.0460   278.9000
    0.1130    45.6000
    0.0610    66.7000
    0.0250    33.3000
    0.0430   305.3000
