1820000
    0.1040    66.0000
    0.0730   145.9000
    0.4850   127.4000
    0.0920   127.1000
    0.0650    38.7000
    0.0320    65.4000
    0.0130    22.6000
    0.2690   149.3000
