1840000
    0.1880    64.8000
    0.0300   143.2000
    0.0720   129.2000
    0.0160   185.0000
    0.1190    44.0000
    0.0610    64.2000
    0.0230    34.2000
    0.1050   147.5000
