1890000
    0.0630    45.1000
    0.0420   144.0000
    0.2880   115.1000
    0.0480   106.4000
    0.0510    14.7000
    0.0200    43.6000
    0.0130     3.9000
    0.1460   150.1000
